// Jest Snapshot v1, https://goo.gl/fbAQLP

exports[`renders correctly 1`] = `
<div
  className="BidHeader-flights"
>
  <div
    className="BidHeader-flight"
  >
    <h1
      className="MuiTypography-root-1 MuiTypography-headline-6"
    >
      test
       
      <small>
        Invalid Date
      </small>
    </h1>
    <p
      className="MuiTypography-root-1 MuiTypography-body1-10"
    >
      Invalid Date
    </p>
  </div>
  <div
    className="BidHeader-flight BidHeader-flight-icon"
  >
    <svg
      aria-hidden="true"
      className="MuiSvgIcon-root-25"
      color={undefined}
      focusable="false"
      viewBox="0 0 24 24"
    >
      <g>
        <path
          d="M10.18 9"
        />
        <path
          d="M21 16v-2l-8-5V3.5c0-.83-.67-1.5-1.5-1.5S10 2.67 10 3.5V9l-8 5v2l8-2.5V19l-2 1.5V22l3.5-1 3.5 1v-1.5L13 19v-5.5l8 2.5z"
        />
      </g>
    </svg>
  </div>
  <div
    className="BidHeader-flight"
  >
    <h1
      className="MuiTypography-root-1 MuiTypography-headline-6"
    >
      test
       
      <small>
        Invalid Date
      </small>
    </h1>
    <p
      className="MuiTypography-root-1 MuiTypography-body1-10"
    >
      Invalid Date
    </p>
  </div>
</div>
`;
